2025-04-28 14:04:01,427 - INFO - Created new account:758
2025-04-28 14:04:31,314 - INFO - PIN verified for account 758
2025-04-28 14:04:39,107 - INFO - Deposited 1000.00 to account 758
2025-04-28 14:04:51,065 - INFO - Withdraw 1000.00 from account 758
2025-04-28 14:06:00,776 - INFO - Created new account:535
2025-04-28 14:06:21,782 - INFO - PIN verified for account 535
2025-04-28 14:06:55,635 - INFO - Deposited 2000.00 to account 535
2025-04-28 14:07:13,057 - INFO - Withdraw 1000.00 from account 535
2025-04-28 14:08:22,281 - INFO - PIN verified for account 535
2025-04-28 14:18:10,224 - INFO - Created new account:123
2025-04-28 14:18:18,556 - INFO - PIN verified for account 123
2025-04-28 14:18:27,474 - INFO - Deposited 1000.00 to account 123
2025-04-28 14:18:37,512 - INFO - Withdraw 500.00 from account 123
2025-04-28 14:19:02,622 - INFO - PIN verified for account 123
2025-04-28 16:19:53,635 - INFO - Created new account:789
2025-04-28 19:50:21,664 - INFO - Created new account:234
2025-04-30 12:44:49,125 - INFO - Account Created: 123
2025-04-30 12:45:04,649 - WARNING - Incorrect PIN attempt for account123
2025-04-30 12:45:49,262 - INFO - Account Created: 789
2025-04-30 13:10:39,030 - INFO - Account Created: 321
2025-04-30 13:21:23,614 - INFO - Deposited 1000.00 to account 321
2025-04-30 13:29:52,341 - INFO - Account Created: 987
2025-04-30 13:36:19,180 - INFO - Deposited 100.00 to account 321
2025-04-30 14:43:48,059 - INFO - Withdraw 200.00 from account 321
